icore app
I ï¿½ets Jun  8 2016 00:22:57

rst:0x1 (POWERON_RESET),boot:0x13 (SPI_FAST_FLASH_BOOT)
configsip: 0, SPIWP:0xee
clk_drv:0x00,q_drv:0x00,d_drv:0x00,cs0_drv:0x00,hd_drv:0x00,wp_drv:0x00
mode:DIO, clock div:2
load:0x3fff0030,len:6276
load:0x40078000,len:15716
load:0x40080400,len:4
ho 8 tail 4 room 4
load:0x40080404,len:3860
entry 0x4008063c
[0;32mI (30) boot: ESP-IDF v5.4-dirty 2nd stage bootloader[0m
[0;32mI (30) boot: compile time May 10 2025 16:22:40[0m
[0;32mI (30) boot: Multicore bootloader[0m
[0;32mI (32) boot: chip revision: v1.0[0m
[0;32mI (35) boot.esp32: SPI Speed      : 40MHz[0m
[0;32mI (39) boot.esp32: SPI Mode       : DIO[0m
[0;32mI (42) boot.esp32: SPI Flash Size : 2MB[0m
[0;32mI (46) boot: Enabling RNG early entropy source...[0m
[0;32mI (50) boot: Partition Table:[0m
[0;32mI (53) boot: ## Label            Usage          Type ST Offset   Length[0m
[0;32mI (59) boot:  0 nvs              WiFi data        01 02 00009000 00006000[0m
[0;32mI (66) boot:  1 phy_init         RF data          01 01 0000f000 00001000[0m
[0;32mI (72) boot:  2 factory          factory app      00 00 00010000 00100000[0m
[0;32mI (79) boot: End of partition table[0m
[0;32mI (82) esp_image: segment 0: paddr=00010020 vaddr=3f400020 size=0aee4h ( 44772) map[0m
[0;32mI (105) esp_image: segment 1: paddr=0001af0c vaddr=3ff80000 size=0001ch (    28) load[0m
[0;32mI (105) esp_image: segment 2: paddr=0001af30 vaddr=3ffb0000 size=0261ch (  9756) load[0m
[0;32mI (112) esp_image: segment 3: paddr=0001d554 vaddr=40080000 size=02ac4h ( 10948) load[0m
[0;32mI (121) esp_image: segment 4: paddr=00020020 vaddr=400d0020 size=16364h ( 90980) map[0m
[0;32mI (155) esp_image: segment 5: paddr=0003638c vaddr=40082ac4 size=0b3a8h ( 45992) load[0m
[0;32mI (180) boot: Loaded app from partition at offset 0x10000[0m
[0;32mI (180) boot: Disabling RNG early entropy source...[0m
[0;32mI (190) cpu_start: Multicore app[0m
[0;32mI (199) cpu_start: Pro cpu start user code[0m
[0;32mI (199) cpu_start: cpu freq: 160000000 Hz[0m
[0;32mI (199) app_init: Application information:[0m
[0;32mI (199) app_init: Project name:     ws2812b-led[0m
[0;32mI (203) app_init: App version:      1[0m
[0;32mI (207) app_init: Compile time:     May 10 2025 16:22:35[0m
[0;32mI (212) app_init: ELF file SHA256:  a30af46e0...[0m
[0;32mI (216) app_init: ESP-IDF:          v5.4-dirty[0m
[0;32mI (220) efuse_init: Min chip rev:     v0.0[0m
[0;32mI (224) efuse_init: Max chip rev:     v3.99 [0m
[0;32mI (228) efuse_init: Chip rev:         v1.0[0m
[0;32mI (232) heap_init: Initializing. RAM available for dynamic allocation:[0m
[0;32mI (238) heap_init: At 3FFAE6E0 len 00001920 (6 KiB): DRAM[0m
[0;32mI (243) heap_init: At 3FFB33A8 len 0002CC58 (179 KiB): DRAM[0m
[0;32mI (248) heap_init: At 3FFE0440 len 00003AE0 (14 KiB): D/IRAM[0m
[0;32mI (254) heap_init: At 3FFE4350 len 0001BCB0 (111 KiB): D/IRAM[0m
[0;32mI (259) heap_init: At 4008DE6C len 00012194 (72 KiB): IRAM[0m
[0;32mI (266) spi_flash: detected chip: generic[0m
[0;32mI (268) spi_flash: flash io: dio[0m
[0;33mW (271) spi_flash: Detected size(4096k) larger than the size in the binary image header(2048k). Using the size in the binary image header.[0m
[0;32mI (284) main_task: Started on CPU0[0m
[0;32mI (294) main_task: Calling app_main()[0m
[0;32mI (294) gpio: GPIO[12]| InputEn: 0| OutputEn: 1| OpenDrain: 0| Pullup: 0| Pulldown: 0| Intr:0 [0m
[0;32mI (294) gpio: GPIO[26]| InputEn: 1| OutputEn: 0| OpenDrain: 0| Pullup: 1| Pulldown: 0| Intr:0 [0m
[0;32mI (304) gpio: GPIO[35]| InputEn: 1| OutputEn: 0| OpenDrain: 0| Pullup: 0| Pulldown: 1| Intr:0 [0m
[0;32mI (314) LED_STRIP: Create RMT TX channel[0m
[0;32mI (314) LED_STRIP: Install led strip encoder[0m
[0;32mI (314) LED_STRIP: Enable RMT TX channel[0m
[0;32mI (324) LED_STRIP: Start LED rainbow chase[0m
[0;32mI (4374) PIR: TIMER OFF[0m
[0;32mI (8424) PIR: TIMER OFF[0m

***ERROR*** A stack overflow in task Tmr Svc has been detected.


Backtrace: 0x40081979:0x3ffb58c0 0x40086155:0x3ffb58e0 0x40086f62:0x3ffb5900 0x40088487:0x3ffb5980 0x4008706c:0x3ffb59a0 0x4008701e:0x3ffb5a00 0x3ffb5a1d:0x3ffb5a00 |<-CORRUPTED




ELF file SHA256: a30af46e0

Rebooting...
ets Jun  8 2016 00:22:57

rst:0xc (SW_CPU_RESET),boot:0x13 (SPI_FAST_FLASH_BOOT)
configsip: 0, SPIWP:0xee
clk_drv:0x00,q_drv:0x00,d_drv:0x00,cs0_drv:0x00,hd_drv:0x00,wp_drv:0x00
mode:DIO, clock div:2
load:0x3fff0030,len:6276
load:0x40078000,len:15716
load:0x40080400,len:4
ho 8 tail 4 room 4
load:0x40080404,len:3860
entry 0x4008063c
[0;32mI (30) boot: ESP-IDF v5.4-dirty 2nd stage bootloader[0m
[0;32mI (31) boot: compile time May 10 2025 16:22:40[0m
[0;32mI (31) boot: Multicore bootloader[0m
[0;32mI (33) boot: chip revision: v1.0[0m
[0;32mI (35) boot.esp32: SPI Speed      : 40MHz[0m
[0;32mI (39) boot.esp32: SPI Mode       : DIO[0m
[0;32mI (43) boot.esp32: SPI Flash Size : 2MB[0m
[0;32mI (46) boot: Enabling RNG early entropy source...[0m
[0;32mI (51) boot: Partition Table:[0m
[0;32mI (53) boot: ## Label            Usage          Type ST Offset   Length[0m
[0;32mI (60) boot:  0 nvs              WiFi data        01 02 00009000 00006000[0m
[0;32mI (66) boot:  1 phy_init         RF data          01 01 0000f000 00001000[0m
[0;32mI (73) boot:  2 factory          factory app      00 00 00010000 00100000[0m
[0;32mI (79) boot: End of partition table[0m
[0;32mI (83) esp_image: segment 0: paddr=00010020 vaddr=3f400020 size=0aee4h ( 44772) map[0m
[0;32mI (105) esp_image: segment 1: paddr=0001af0c vaddr=3ff80000 size=0001ch (    28) load[0m
[0;32mI (106) esp_image: segment 2: paddr=0001af30 vaddr=3ffb0000 size=0261ch (  9756) load[0m
[0;32mI (113) esp_image: segment 3: paddr=0001d554 vaddr=40080000 size=02ac4h ( 10948) load[0m
[0;32mI (121) esp_image: segment 4: paddr=00020020 vaddr=400d0020 size=16364h ( 90980) map[0m
[0;32mI (155) esp_image: segment 5: paddr=0003638c vaddr=40082ac4 size=0b3a8h ( 45992) load[0m
[0;32mI (180) boot: Loaded app from partition at offset 0x10000[0m
[0;32mI (180) boot: Disabling RNG early entropy source...[0m
[0;32mI (191) cpu_start: Multicore app[0m
[0;32mI (199) cpu_start: Pro cpu start user code[0m
[0;32mI (199) cpu_start: cpu freq: 160000000 Hz[0m
[0;32mI (199) app_init: Application information:[0m
[0;32mI (200) app_init: Project name:     ws2812b-led[0m
[0;32mI (204) app_init: App version:      1[0m
[0;32mI (207) app_init: Compile time:     May 10 2025 16:22:35[0m
[0;32mI (212) app_init: ELF file SHA256:  a30af46e0...[0m
[0;32mI (217) app_init: ESP-IDF:          v5.4-dirty[0m
[0;32mI (221) efuse_init: Min chip rev:     v0.0[0m
[0;32mI (225) efuse_init: Max chip rev:     v3.99 [0m
[0;32mI (229) efuse_init: Chip rev:         v1.0[0m
[0;32mI (233) heap_init: Initializing. RAM available for dynamic allocation:[0m
[0;32mI (239) heap_init: At 3FFAE6E0 len 00001920 (6 KiB): DRAM[0m
[0;32mI (244) heap_init: At 3FFB33A8 len 0002CC58 (179 KiB): DRAM[0m
[0;32mI (249) heap_init: At 3FFE0440 len 00003AE0 (14 KiB): D/IRAM[0m
[0;32mI (254) heap_init: At 3FFE4350 len 0001BCB0 (111 KiB): D/IRAM[0m
[0;32mI (260) heap_init: At 4008DE6C len 00012194 (72 KiB): IRAM[0m
[0;32mI (267) spi_flash: detected chip: generic[0m
[0;32mI (269) spi_flash: flash io: dio[0m
[0;33mW (272) spi_flash: Detected size(4096k) larger than the size in the binary image header(2048k). Using the size in the binary image header.[0m
[0;32mI (285) main_task: Started on CPU0[0m
[0;32mI (295) main_task: Calling app_main()[0m
[0;32mI (295) gpio: GPIO[12]| InputEn: 0| OutputEn: 1| OpenDrain: 0| Pullup: 0| Pulldown: 0| Intr:0 [0m
[0;32mI (295) gpio: GPIO[26]| InputEn: 1| OutputEn: 0| OpenDrain: 0| Pullup: 1| Pulldown: 0| Intr:0 [0m
[0;32mI (305) gpio: GPIO[35]| InputEn: 1| OutputEn: 0| OpenDrain: 0| Pullup: 0| Pulldown: 1| Intr:0 [0m
[0;32mI (315) LED_STRIP: Create RMT TX channel[0m
[0;32mI (315) LED_STRIP: Install led strip encoder[0m
[0;32mI (315) LED_STRIP: Enable RMT TX channel[0m
[0;32mI (325) LED_STRIP: Start LED rainbow chase[0m
[0;32mI (4375) PIR: TIMER OFF[0m
[0;32mI (8425) PIR: TIMER OFF[0m

***ERROR*** A stack overflow in task Tmr Svc has been detected.


Backtrace: 0x40081979:0x3ffb58c0 0x40086155:0x3ffb58e0 0x40086f62:0x3ffb5900 0x40088487:0x3ffb5980 0x4008706c:0x3ffb59a0 0x4008701e:0x3ffb5a00 0x3ffb5a1d:0x3ffb5a00 |<-CORRUPTED




ELF file SHA256: a30af46e0

Rebooting...
ets Jun  8 2016 00:22:57

rst:0xc (SW_CPU_RESET),boot:0x13 (SPI_FAST_FLASH_BOOT)
configsip: 0, SPIWP:0xee
clk_drv:0x00,q_drv:0x00,d_drv:0x00,cs0_drv:0x00,hd_drv:0x00,wp_drv:0x00
mode:DIO, clock div:2
load:0x3fff0030,len:6276
load:0x40078000,len:15716
load:0x40080400,len:4
ho 8 tail 4 room 4
load:0x40080404,len:3860
entry 0x4008063c
[0;32mI (30) boot: ESP-IDF v5.4-dirty 2nd stage bootloader[0m
[0;32mI (31) boot: compile time May 10 2025 16:22:40[0m
[0;32mI (31) boot: Multicore bootloader[0m
[0;32mI (33) boot: chip revision: v1.0[0m
[0;32mI (35) boot.esp32: SPI Speed      : 40MHz[0m
[0;32mI (39) boot.esp32: SPI Mode       : DIO[0m
[0;32mI (43) boot.esp32: SPI Flash Size : 2MB[0m
[0;32mI (46) boot: Enabling RNG early entropy source...[0m
[0;32mI (51) boot: Partition Table:[0m
[0;32mI (53) boot: ## Label            Usage          Type ST Offset   Length[0m
[0;32mI (60) boot:  0 nvs              WiFi data        01 02 00009000 00006000[0m
[0;32mI (66) boot:  1 phy_init         RF data          01 01 0000f000 00001000[0m
[0;32mI (73) boot:  2 factory          factory app      00 00 00010000 00100000[0m
[0;32mI (79) boot: End of partition table[0m
[0;32mI (83) esp_image: segment 0: paddr=00010020 vaddr=3f400020 size=0aee4h ( 44772) map[0m
[0;32mI (105) esp_image: segment 1: paddr=0001af0c vaddr=3ff80000 size=0001ch (    28) load[0m
[0;32mI (106) esp_image: segment 2: paddr=0001af30 vaddr=3ffb0000 size=0261ch (  9756) load[0m
[0;32mI (113) esp_image: segment 3: paddr=0001d554 vaddr=40080000 size=02ac4h ( 10948) load[0m
[0;32mI (121) esp_image: segment 4: paddr=00020020 vaddr=400d0020 size=16364h ( 90980) map[0m
[0;32mI (155) esp_image: segment 5: paddr=0003638c vaddr=40082ac4 size=0b3a8h ( 45992) load[0m
[0;32mI (180) boot: Loaded app from partition at offset 0x10000[0m
[0;32mI (180) boot: Disabling RNG early entropy source...[0m
[0;32mI (191) cpu_start: Multicore app[0m
[0;32mI (199) cpu_start: Pro cpu start user code[0m
[0;32mI (199) cpu_start: cpu freq: 160000000 Hz[0m
[0;32mI (200) app_init: Application information:[0m
[0;32mI (200) app_init: Project name:     ws2812b-led[0m
[0;32mI (204) app_init: App version:      1[0m
[0;32mI (207) app_init: Compile time:     May 10 2025 16:22:35[0m
[0;32mI (212) app_init: ELF file SHA256:  a30af46e0...[0m
[0;32mI (217) app_init: ESP-IDF:          v5.4-dirty[0m
[0;32mI (221) efuse_init: Min chip rev:     v0.0[0m
[0;32mI (225) efuse_init: Max chip rev:     v3.99 [0m
[0;32mI (229) efuse_init: Chip rev:         v1.0[0m
[0;32mI (233) heap_init: Initializing. RAM available for dynamic allocation:[0m
[0;32mI (239) heap_init: At 3FFAE6E0 len 00001920 (6 KiB): DRAM[0m
[0;32mI (244) heap_init: At 3FFB33A8 len 0002CC58 (179 KiB): DRAM[0m
[0;32mI (249) heap_init: At 3FFE0440 len 00003AE0 (14 KiB): D/IRAM[0m
[0;32mI (254) heap_init: At 3FFE4350 len 0001BCB0 (111 KiB): D/IRAM[0m
[0;32mI (260) heap_init: At 4008DE6C len 00012194 (72 KiB): IRAM[0m
[0;32mI (267) spi_flash: detected chip: generic[0m
[0;32mI (269) spi_flash: flash io: dio[0m
[0;33mW (272) spi_flash: Detected size(4096k) larger than the size in the binary image header(2048k). Using the size in the binary image header.[0m
[0;32mI (285) main_task: Started on CPU0[0m
[0;32mI (295) main_task: Calling app_main()[0m
[0;32mI (295) gpio: GPIO[12]| InputEn: 0| OutputEn: 1| OpenDrain: 0| Pullup: 0| Pulldown: 0| Intr:0 [0m
[0;32mI (295) gpio: GPIO[26]| InputEn: 1| OutputEn: 0| OpenDrain: 0| Pullup: 1| Pulldown: 0| Intr:0 [0m
[0;32mI (305) gpio: GPIO[35]| InputEn: 1| OutputEn: 0| OpenDrain: 0| Pullup: 0| Pulldown: 1| Intr:0 [0m
[0;32mI (315) LED_STRIP: Create RMT TX channel[0m
[0;32mI (315) LED_STRIP: Install led strip encoder[0m
[0;32mI (315) LED_STRIP: Enable RMT TX channel[0m
[0;32mI (325) LED_STRIP: Start LED rainbow chase[0m
[0;32mI (18745) PIR: TIMER OFF[0m
[0;32mI (25455) PIR: TIMER OFF[0m
